// Jest Snapshot v1, https://goo.gl/fbAQLP

exports[`expect expense list item to be rendered 1`] = `
<div>
  <Link
    to="/edit/0"
  >
    <h3>
      yup
    </h3>
  </Link>
  <p>
    195
     --- 
    0
  </p>
</div>
`;
