// Jest Snapshot v1, https://goo.gl/fbAQLP

exports[`should render Header correctly 1`] = `
<header>
  <h1>
    Expensify It!
  </h1>
  <NavLink
    activeClassName="is-active"
    activeStyle={
      Object {
        "color": "blue",
      }
    }
    exact={true}
    to="/"
  >
    Dashboard
  </NavLink>
  <NavLink
    activeClassName="is-active"
    activeStyle={
      Object {
        "color": "blue",
      }
    }
    exact={true}
    to="/create"
  >
    Create Expense
  </NavLink>
  <NavLink
    activeClassName="is-active"
    activeStyle={
      Object {
        "color": "red",
      }
    }
    exact={true}
    to="/help"
  >
    Need Help?
  </NavLink>
</header>
`;
