// Jest Snapshot v1, https://goo.gl/fbAQLP

exports[`expect not found page to be rendered 1`] = `
<div>
  error... error... error... 
  <Link
    to="/"
  >
    Go Home
  </Link>
</div>
`;
